2026-01-24 16:09:29,793 | INFO | 📂 Loading TRAIN features: data/processed/features_train.csv
2026-01-24 16:10:24,999 | INFO | 📂 Loading TRAIN features: data/processed/features/train_features.csv
2026-01-24 16:10:25,045 | INFO | Engineered feature summary:
       band_to_p2p  tail_noise_ratio  enter_vs_settle    slope_norm
count   500.000000        500.000000     5.000000e+02    500.000000
mean      0.245342          0.220344     8.843005e+05  15260.026919
std       0.423403          0.409643     1.565701e+06  31008.229941
min       0.000783          0.000698     0.000000e+00    473.875190
25%       0.003446          0.003763     7.866453e-01   1946.818042
50%       0.008809          0.009584     9.965452e-01   3203.266986
75%       0.026109          0.028742     1.827500e+06   6857.480607
max       1.000000          1.623440     7.060000e+06  99851.437750
2026-01-24 16:11:21,053 | INFO | 📂 Loading TRAIN features: data/processed/features/train_features.csv
2026-01-24 16:11:21,073 | INFO | Engineered feature summary:
       band_to_p2p  tail_noise_ratio  enter_vs_settle    slope_norm
count   500.000000        500.000000     5.000000e+02    500.000000
mean      0.245342          0.220344     8.843005e+05  15260.026919
std       0.423403          0.409643     1.565701e+06  31008.229941
min       0.000783          0.000698     0.000000e+00    473.875190
25%       0.003446          0.003763     7.866453e-01   1946.818042
50%       0.008809          0.009584     9.965452e-01   3203.266986
75%       0.026109          0.028742     1.827500e+06   6857.480607
max       1.000000          1.623440     7.060000e+06  99851.437750
2026-01-24 16:11:21,073 | INFO | Rows=500 | Cols=28
2026-01-24 16:11:21,075 | INFO | Label (wait_time_ms) summary:
count    500.000000
mean       2.646495
std        1.896722
min        0.100000
25%        1.549417
50%        2.687492
75%        3.791276
max        7.488875
2026-01-24 16:11:21,093 | INFO | Key feature summary:
       t_enter_band_ms  t_est_settle_ms    band_width      tail_p2p      tail_std     max_slope
count       500.000000       500.000000  5.000000e+02  5.000000e+02  5.000000e+02  5.000000e+02
mean          2.311520         1.402760  3.046527e-01  2.358406e-01  6.494183e-02  2.996160e+04
std           1.735114         1.754295  1.136786e+00  9.497250e-01  2.671011e-01  9.364369e+04
min           0.000000         0.000000  1.098913e-12  1.017566e-12  1.691221e-13  4.751394e-08
25%           1.287500         0.000000  4.362485e-09  3.912178e-09  7.212402e-10  1.682845e-03
50%           2.265000         0.000000  5.989406e-04  4.824618e-04  9.353144e-05  1.406695e+02
75%           3.370000         2.620000  5.519510e-02  4.473794e-02  8.655144e-03  1.783113e+04
max           7.060000         6.950000  1.002910e+01  8.847592e+00  2.628068e+00  1.001420e+06
2026-01-24 16:11:21,100 | INFO | Split: train=400 | val=100
2026-01-24 16:11:21,101 | INFO | Using 10 fixed features: ['t_enter_band_ms', 'enter_margin_ms', 't_enter_norm', 'enter_vs_settle', 'band_to_p2p', 'band_width', 't_est_settle_ms', 'tail_p2p', 'std_value', 'max_slope']
2026-01-24 16:11:21,101 | INFO | 🚀 Training AutoGluon...
2026-01-24 16:12:12,100 | INFO | 📤 Predicting ALL training data (100%)...
2026-01-24 16:12:12,548 | INFO | ✅ Saved ALL-train predictions to: data\processed\analysis\train_predictions_all.csv
2026-01-24 16:12:12,553 | INFO | ALL-TRAIN: abs_error summary:
count    500.000000
mean       0.110195
std        0.161096
min        0.000000
25%        0.010382
50%        0.058379
75%        0.141502
max        1.187551
2026-01-24 16:12:12,568 | INFO | ALL-TRAIN: Top-20 worst:
 wave_id  wait_time_ms  t_enter_band_ms  t_est_settle_ms   band_width     tail_p2p     tail_std    max_slope  pred_wait_time_ms  error_ms  abs_error_ms
     217      7.133181             5.33             5.34 8.904837e-02 8.846578e-02 1.580894e-02 3.733287e+04           5.945630 -1.187551      1.187551
     221      3.448833             1.98             0.00 1.181047e-08 1.109888e-08 2.027790e-09 9.237466e-03           2.410227 -1.038606      1.038606
     296      3.876089             2.40             0.00 4.406713e-09 3.833647e-09 7.094302e-10 2.253081e-03           2.840704 -1.035385      1.035385
     177      7.196675             5.74             5.74 9.152967e-02 9.152967e-02 1.827237e-02 7.818489e+04           6.174903 -1.021772      1.021772
     491      5.845835             4.29             2.99 4.064054e-05 3.705722e-05 7.118113e-06 2.785684e+01           4.885373 -0.960462      0.960462
     278      7.237971             5.23             0.00 2.567447e-12 2.567447e-12 4.528967e-13 1.414571e-07           6.296175 -0.941796      0.941796
     387      5.764231             4.46             4.47 4.127725e-02 4.127725e-02 6.861113e-03 2.079787e+04           5.004915 -0.759316      0.759316
     183      5.212218             4.12             0.00 1.215042e-09 1.215042e-09 1.942128e-10 5.970952e-04           4.488928 -0.723290      0.723290
     308      3.421534             2.46             2.47 1.018805e-01 1.018805e-01 1.806021e-02 1.462983e+05           2.724418 -0.697116      0.697116
     194      3.006024             2.00             1.08 3.222785e-06 2.653894e-06 4.984231e-07 2.417182e+00           2.326677 -0.679347      0.679347
      28      7.488875             6.14             0.00 1.073294e-11 1.073294e-11 2.091856e-12 1.882545e-06           6.851630 -0.637245      0.637245
     104      6.095083             4.96             0.00 1.359992e-11 1.359992e-11 2.927039e-12 4.544212e-06           5.467928 -0.627155      0.627155
     380      6.787395             5.68             0.00 3.938355e-09 3.938355e-09 7.565823e-10 6.391789e-04           6.239109 -0.548286      0.548286
      20      7.091517             5.92             0.00 5.590937e-09 5.590937e-09 9.776793e-10 1.163391e-03           6.567264 -0.524253      0.524253
     134      3.602187             2.71             0.00 3.034372e-09 2.898581e-09 5.898701e-10 1.977070e-03           3.080874 -0.521313      0.521313
     456      4.407625             3.41             0.00 4.125846e-09 3.077543e-09 6.336608e-10 2.716921e-04           3.887124 -0.520501      0.520501
     115      3.803215             2.91             2.92 2.507590e-02 2.507590e-02 4.661548e-03 1.841055e+04           3.291437 -0.511777      0.511777
     129      4.681419             4.44             4.27 9.841880e-05 9.841880e-05 1.983473e-05 2.188804e+01           5.176088  0.494669      0.494669
      64      6.305974             5.08             5.08 6.618671e-03 5.839495e-03 1.150338e-03 2.390834e+03           5.847842 -0.458132      0.458132
     357      2.788449             1.91             0.00 3.244368e-09 2.877158e-09 5.662636e-10 4.755878e-03           2.330501 -0.457948      0.457948
2026-01-24 16:12:12,570 | INFO | 📊 Evaluating on validation...
2026-01-24 16:12:12,694 | INFO | Validation performance:
2026-01-24 16:12:12,694 | INFO |   mean_absolute_error: -0.109556
2026-01-24 16:12:12,695 | INFO |   root_mean_squared_error: -0.182968
2026-01-24 16:12:12,695 | INFO |   mean_squared_error: -0.033477
2026-01-24 16:12:12,696 | INFO |   r2: 0.990570
2026-01-24 16:12:12,696 | INFO |   pearsonr: 0.995426
2026-01-24 16:12:12,696 | INFO |   median_absolute_error: -0.057647
2026-01-24 16:12:12,697 | INFO | 📤 Predicting VAL (20%)...
2026-01-24 16:12:12,827 | INFO | ✅ Saved validation predictions to: data\processed\analysis\val_predictions.csv
2026-01-24 16:12:12,832 | INFO | VAL: abs_error summary:
count    100.000000
mean       0.108237
std        0.148187
min        0.000000
25%        0.010523
50%        0.057647
75%        0.158455
max        0.941796
2026-01-24 16:12:12,838 | INFO | VAL: Top-20 worst:
 wave_id  wait_time_ms  pred_wait_time_ms  error_ms  abs_error_ms
     278      7.237971           6.296175 -0.941796      0.941796
     183      5.212218           4.488928 -0.723290      0.723290
      64      6.305974           5.847842 -0.458132      0.458132
     158      3.072117           2.614855 -0.457262      0.457262
     280      3.667043           3.228092 -0.438951      0.438951
      36      3.132496           2.804069 -0.328428      0.328428
      43      3.885704           3.570749 -0.314955      0.314955
     441      2.968428           3.273838  0.305410      0.305410
     483      5.541652           5.808110  0.266458      0.266458
     350      2.831316           3.073949  0.242632      0.242632
     224      3.066628           2.829701 -0.236927      0.236927
     318      4.080203           3.856760 -0.223443      0.223443
     123      2.622530           2.835088  0.212559      0.212559
      15      2.204403           1.994569 -0.209834      0.209834
      18      4.065168           4.269334  0.204166      0.204166
     459      3.374629           3.175826 -0.198803      0.198803
     492      5.915278           6.108360  0.193082      0.193082
     304      3.319482           3.130499 -0.188983      0.188983
     450      5.631266           5.817667  0.186401      0.186401
     317      2.177791           2.350442  0.172651      0.172651
2026-01-24 16:12:12,843 | INFO | 🔍 Computing feature importance...
2026-01-24 16:12:13,543 | INFO | Best model for FI: WeightedEnsemble_L2
2026-01-24 16:12:14,525 | INFO | ✅ Feature importance saved to: data\processed\analysis\feature_importance.csv
2026-01-24 16:12:14,532 | INFO | Top-15 FI:
        feature  importance   stddev      p_value  n  p99_high   p99_low
enter_margin_ms    0.466192 0.064010 4.159849e-05  5  0.597990  0.334395
t_enter_band_ms    0.461648 0.058566 3.042710e-05  5  0.582236  0.341059
enter_vs_settle    0.441357 0.043729 1.141431e-05  5  0.531396  0.351317
   t_enter_norm    0.281220 0.042044 5.820555e-05  5  0.367788  0.194651
t_est_settle_ms    0.181754 0.009990 1.091034e-06  5  0.202325  0.161184
       tail_p2p    0.156485 0.004189 6.154586e-08  5  0.165110  0.147861
     band_width    0.092347 0.006287 2.562297e-06  5  0.105292  0.079401
    band_to_p2p    0.046109 0.010468 2.980262e-04  5  0.067663  0.024555
      max_slope    0.027815 0.007775 6.620114e-04  5  0.043824  0.011807
      std_value    0.009447 0.006784 1.786735e-02  5  0.023414 -0.004521
2026-01-24 16:18:09,610 | INFO | 📂 Loading TRAIN features: data/processed/features/train_features.csv
2026-01-24 16:18:09,651 | INFO | Engineered feature summary:
       band_to_p2p  tail_noise_ratio  enter_vs_settle    slope_norm
count   500.000000        500.000000     5.000000e+02    500.000000
mean      0.245342          0.220344     8.843005e+05  15260.026919
std       0.423403          0.409643     1.565701e+06  31008.229941
min       0.000783          0.000698     0.000000e+00    473.875190
25%       0.003446          0.003763     7.866453e-01   1946.818042
50%       0.008809          0.009584     9.965452e-01   3203.266986
75%       0.026109          0.028742     1.827500e+06   6857.480607
max       1.000000          1.623440     7.060000e+06  99851.437750
2026-01-24 16:18:09,652 | INFO | Rows=500 | Cols=28
2026-01-24 16:18:09,654 | INFO | Label (wait_time_ms) summary:
count    500.000000
mean       2.646495
std        1.896722
min        0.100000
25%        1.549417
50%        2.687492
75%        3.791276
max        7.488875
2026-01-24 16:18:09,674 | INFO | Key feature summary:
       t_enter_band_ms  t_est_settle_ms    band_width      tail_p2p      tail_std     max_slope
count       500.000000       500.000000  5.000000e+02  5.000000e+02  5.000000e+02  5.000000e+02
mean          2.311520         1.402760  3.046527e-01  2.358406e-01  6.494183e-02  2.996160e+04
std           1.735114         1.754295  1.136786e+00  9.497250e-01  2.671011e-01  9.364369e+04
min           0.000000         0.000000  1.098913e-12  1.017566e-12  1.691221e-13  4.751394e-08
25%           1.287500         0.000000  4.362485e-09  3.912178e-09  7.212402e-10  1.682845e-03
50%           2.265000         0.000000  5.989406e-04  4.824618e-04  9.353144e-05  1.406695e+02
75%           3.370000         2.620000  5.519510e-02  4.473794e-02  8.655144e-03  1.783113e+04
max           7.060000         6.950000  1.002910e+01  8.847592e+00  2.628068e+00  1.001420e+06
2026-01-24 16:18:09,687 | INFO | Split: train=400 | val=100
2026-01-24 16:18:09,688 | INFO | Using 10 fixed features: ['t_enter_band_ms', 'enter_margin_ms', 't_enter_norm', 'enter_vs_settle', 'band_to_p2p', 'band_width', 't_est_settle_ms', 'tail_p2p', 'std_value', 'max_slope']
2026-01-24 16:18:09,688 | INFO | 🚀 Training AutoGluon...
2026-01-24 16:18:46,900 | INFO | 📤 Predicting ALL training data (100%)...
2026-01-24 16:18:47,479 | INFO | ✅ Saved ALL-train predictions to: data\processed\analysis\train_predictions_all.csv
2026-01-24 16:18:47,482 | INFO | ALL-TRAIN: abs_error summary:
count    500.000000
mean       0.110195
std        0.161096
min        0.000000
25%        0.010382
50%        0.058379
75%        0.141502
max        1.187551
2026-01-24 16:18:47,494 | INFO | ALL-TRAIN: Top-20 worst:
 wave_id  wait_time_ms  t_enter_band_ms  t_est_settle_ms   band_width     tail_p2p     tail_std    max_slope  pred_wait_time_ms  error_ms  abs_error_ms
     217      7.133181             5.33             5.34 8.904837e-02 8.846578e-02 1.580894e-02 3.733287e+04           5.945630 -1.187551      1.187551
     221      3.448833             1.98             0.00 1.181047e-08 1.109888e-08 2.027790e-09 9.237466e-03           2.410227 -1.038606      1.038606
     296      3.876089             2.40             0.00 4.406713e-09 3.833647e-09 7.094302e-10 2.253081e-03           2.840704 -1.035385      1.035385
     177      7.196675             5.74             5.74 9.152967e-02 9.152967e-02 1.827237e-02 7.818489e+04           6.174903 -1.021772      1.021772
     491      5.845835             4.29             2.99 4.064054e-05 3.705722e-05 7.118113e-06 2.785684e+01           4.885373 -0.960462      0.960462
     278      7.237971             5.23             0.00 2.567447e-12 2.567447e-12 4.528967e-13 1.414571e-07           6.296175 -0.941796      0.941796
     387      5.764231             4.46             4.47 4.127725e-02 4.127725e-02 6.861113e-03 2.079787e+04           5.004915 -0.759316      0.759316
     183      5.212218             4.12             0.00 1.215042e-09 1.215042e-09 1.942128e-10 5.970952e-04           4.488928 -0.723290      0.723290
     308      3.421534             2.46             2.47 1.018805e-01 1.018805e-01 1.806021e-02 1.462983e+05           2.724418 -0.697116      0.697116
     194      3.006024             2.00             1.08 3.222785e-06 2.653894e-06 4.984231e-07 2.417182e+00           2.326677 -0.679347      0.679347
      28      7.488875             6.14             0.00 1.073294e-11 1.073294e-11 2.091856e-12 1.882545e-06           6.851630 -0.637245      0.637245
     104      6.095083             4.96             0.00 1.359992e-11 1.359992e-11 2.927039e-12 4.544212e-06           5.467928 -0.627155      0.627155
     380      6.787395             5.68             0.00 3.938355e-09 3.938355e-09 7.565823e-10 6.391789e-04           6.239109 -0.548286      0.548286
      20      7.091517             5.92             0.00 5.590937e-09 5.590937e-09 9.776793e-10 1.163391e-03           6.567264 -0.524253      0.524253
     134      3.602187             2.71             0.00 3.034372e-09 2.898581e-09 5.898701e-10 1.977070e-03           3.080874 -0.521313      0.521313
     456      4.407625             3.41             0.00 4.125846e-09 3.077543e-09 6.336608e-10 2.716921e-04           3.887124 -0.520501      0.520501
     115      3.803215             2.91             2.92 2.507590e-02 2.507590e-02 4.661548e-03 1.841055e+04           3.291437 -0.511777      0.511777
     129      4.681419             4.44             4.27 9.841880e-05 9.841880e-05 1.983473e-05 2.188804e+01           5.176088  0.494669      0.494669
      64      6.305974             5.08             5.08 6.618671e-03 5.839495e-03 1.150338e-03 2.390834e+03           5.847842 -0.458132      0.458132
     357      2.788449             1.91             0.00 3.244368e-09 2.877158e-09 5.662636e-10 4.755878e-03           2.330501 -0.457948      0.457948
2026-01-24 16:18:47,497 | INFO | 📊 Evaluating on validation...
2026-01-24 16:18:47,626 | INFO | Validation performance:
2026-01-24 16:18:47,627 | INFO |   mean_absolute_error: -0.109556
2026-01-24 16:18:47,627 | INFO |   root_mean_squared_error: -0.182968
2026-01-24 16:18:47,628 | INFO |   mean_squared_error: -0.033477
2026-01-24 16:18:47,628 | INFO |   r2: 0.990570
2026-01-24 16:18:47,629 | INFO |   pearsonr: 0.995426
2026-01-24 16:18:47,629 | INFO |   median_absolute_error: -0.057647
2026-01-24 16:18:47,630 | INFO | 📤 Predicting VAL (20%)...
2026-01-24 16:18:47,750 | INFO | ✅ Saved validation predictions to: data\processed\analysis\val_predictions.csv
2026-01-24 16:18:47,755 | INFO | VAL: abs_error summary:
count    100.000000
mean       0.108237
std        0.148187
min        0.000000
25%        0.010523
50%        0.057647
75%        0.158455
max        0.941796
2026-01-24 16:18:47,766 | INFO | VAL: Top-20 worst:
 wave_id  wait_time_ms  pred_wait_time_ms  error_ms  abs_error_ms
     278      7.237971           6.296175 -0.941796      0.941796
     183      5.212218           4.488928 -0.723290      0.723290
      64      6.305974           5.847842 -0.458132      0.458132
     158      3.072117           2.614855 -0.457262      0.457262
     280      3.667043           3.228092 -0.438951      0.438951
      36      3.132496           2.804069 -0.328428      0.328428
      43      3.885704           3.570749 -0.314955      0.314955
     441      2.968428           3.273838  0.305410      0.305410
     483      5.541652           5.808110  0.266458      0.266458
     350      2.831316           3.073949  0.242632      0.242632
     224      3.066628           2.829701 -0.236927      0.236927
     318      4.080203           3.856760 -0.223443      0.223443
     123      2.622530           2.835088  0.212559      0.212559
      15      2.204403           1.994569 -0.209834      0.209834
      18      4.065168           4.269334  0.204166      0.204166
     459      3.374629           3.175826 -0.198803      0.198803
     492      5.915278           6.108360  0.193082      0.193082
     304      3.319482           3.130499 -0.188983      0.188983
     450      5.631266           5.817667  0.186401      0.186401
     317      2.177791           2.350442  0.172651      0.172651
2026-01-24 16:18:47,768 | INFO | 🔍 Computing feature importance...
2026-01-24 16:18:48,607 | INFO | Best model for FI: WeightedEnsemble_L2
2026-01-24 16:18:49,643 | INFO | ✅ Feature importance saved to: data\processed\analysis\feature_importance.csv
2026-01-24 16:18:49,650 | INFO | Top-15 FI:
        feature  importance   stddev      p_value  n  p99_high   p99_low
enter_margin_ms    0.466192 0.064010 4.159849e-05  5  0.597990  0.334395
t_enter_band_ms    0.461648 0.058566 3.042710e-05  5  0.582236  0.341059
enter_vs_settle    0.441357 0.043729 1.141431e-05  5  0.531396  0.351317
   t_enter_norm    0.281220 0.042044 5.820555e-05  5  0.367788  0.194651
t_est_settle_ms    0.181754 0.009990 1.091034e-06  5  0.202325  0.161184
       tail_p2p    0.156485 0.004189 6.154586e-08  5  0.165110  0.147861
     band_width    0.092347 0.006287 2.562297e-06  5  0.105292  0.079401
    band_to_p2p    0.046109 0.010468 2.980262e-04  5  0.067663  0.024555
      max_slope    0.027815 0.007775 6.620114e-04  5  0.043824  0.011807
      std_value    0.009447 0.006784 1.786735e-02  5  0.023414 -0.004521
